{
  "id": "<id>",
  "site_url": "url",
  "displaystring": "displaystring",
  "created_at": "<created_at>",
  "site_title": "title",
  "created_by": {
    "id": "<id>",
    "name": "John1 Doe1",
    "username": "johndoe1",
    "avatar_url": "https://secure.gravatar.com/avatar/bdcf52014be3eaaf4c83248bc7229900?size=<SIZE>&rating=PG&default=mm",
    "deleted": false
  },
  "group_id": null,
  "url": "http://127.0.0.1:3005/d/1",
  "html_content": "displaystring"
}
